sarimabbas:tests sarimabbas$ ./a.out

Reading numbers.
123
BYTE POSITION: 3
BYTE POSITION: -1
BYTE POSITION: 8
123
BYTE POSITION: 12
BYTE POSITION: -1
BYTE POSITION: 13
BYTE POSITION: -1
BYTE POSITION: 15
BYTE POSITION: -1
BYTE POSITION: 16
BYTE POSITION: -1
BYTE POSITION: 17