sarimabbas:tests sarimabbas$ ./a.out

Reading numbers.
123
BYTE POSITION: 3
BYTE POSITION: -1
BYTE POSITION: 4
BYTE POSITION: -1
BYTE POSITION: 6
BYTE POSITION: -1
BYTE POSITION: 7
BYTE POSITION: -1
BYTE POSITION: 8
123
BYTE POSITION: 13
BYTE POSITION: -1
BYTE POSITION: 14
BYTE POSITION: -1
BYTE POSITION: 16
BYTE POSITION: -1
BYTE POSITION: 17
BYTE POSITION: -1
BYTE POSITION: 18